[     404ms] [INFO] %cDownload the React DevTools for a better development experience: https://reactjs.org/link/react-devtools font-weight:bold @ http://localhost:3000/static/js/bundle.js:96588
[     467ms] [ERROR] Failed to load resource: the server responded with a status of 401 () @ https://mtgtracker.store/api/trades/my-listings:0
[     467ms] [ERROR] Failed to load resource: the server responded with a status of 401 () @ https://mtgtracker.store/api/trades/offers/received:0
[     468ms] [ERROR] Failed to load resource: the server responded with a status of 401 () @ https://mtgtracker.store/api/trades/offers/sent:0
[     470ms] [ERROR] Failed to load resource: the server responded with a status of 401 () @ https://mtgtracker.store/api/trades/matches:0
[     488ms] [ERROR] Failed to load resource: the server responded with a status of 401 () @ https://mtgtracker.store/api/trades/offers/received:0
[     489ms] [ERROR] Failed to load resource: the server responded with a status of 401 () @ https://mtgtracker.store/api/trades/offers/sent:0
[     489ms] [ERROR] Failed to load resource: the server responded with a status of 401 () @ https://mtgtracker.store/api/trades/my-listings:0
[     489ms] [ERROR] Failed to load resource: the server responded with a status of 401 () @ https://mtgtracker.store/api/trades/matches:0
[     489ms] [ERROR] Failed to load resource: the server responded with a status of 401 () @ https://mtgtracker.store/api/wishlist:0
[     490ms] [ERROR] Failed to load resource: the server responded with a status of 401 () @ https://mtgtracker.store/api/tags:0
[     490ms] [ERROR] Failed to load resource: the server responded with a status of 401 () @ https://mtgtracker.store/api/locations:0
[     491ms] [ERROR] Failed to load resource: the server responded with a status of 401 () @ https://mtgtracker.store/api/wishlist:0
[     491ms] [ERROR] Failed to load resource: the server responded with a status of 401 () @ https://mtgtracker.store/api/cards:0
[     492ms] [ERROR] Failed to load resource: the server responded with a status of 401 () @ https://mtgtracker.store/api/notifications:0
[     492ms] [ERROR] Failed to load resource: the server responded with a status of 401 () @ https://mtgtracker.store/api/locations:0
[     492ms] [ERROR] Failed to load resource: the server responded with a status of 401 () @ https://mtgtracker.store/api/tags:0
[     500ms] [ERROR] Failed to load resource: the server responded with a status of 401 () @ https://mtgtracker.store/api/cards:0
[     501ms] [ERROR] Failed to load resource: the server responded with a status of 401 () @ https://mtgtracker.store/api/notifications:0
[     526ms] [ERROR] Failed to load resource: the server responded with a status of 401 () @ https://mtgtracker.store/api/auth/me:0
[   63402ms] [ERROR] Failed to load resource: the server responded with a status of 404 () @ https://mtgtracker.store/api/forum/categories/6a306b985ad795a2dc47772b:0
[   63407ms] [ERROR] Failed to load resource: the server responded with a status of 404 () @ https://mtgtracker.store/api/forum/categories/6a306b985ad795a2dc47772b:0
[   63427ms] [ERROR] Warning: validateDOMNesting(...): %s cannot appear as a descendant of <%s>.%s <button> button 
    at button
    at div
    at div
    at div
    at button
    at div
    at div
    at CategoryView (http://localhost:3000/static/js/bundle.js:120045:3)
    at div
    at div
    at ForumView (http://localhost:3000/static/js/bundle.js:132216:76)
    at RenderedRoute (http://localhost:3000/static/js/bundle.js:102665:3)
    at Routes (http://localhost:3000/static/js/bundle.js:103412:3)
    at AppRoutes (http://localhost:3000/static/js/bundle.js:161771:3)
    at div
    at main
    at div
    at div
    at App (http://localhost:3000/static/js/bundle.js:114778:68)
    at AuthGuard (http://localhost:3000/static/js/bundle.js:155574:3)
    at TradesProvider (http://localhost:3000/static/js/bundle.js:160077:3)
    at WishlistProvider (http://localhost:3000/static/js/bundle.js:160336:3)
    at LocationTagProvider (http://localhost:3000/static/js/bundle.js:159604:3)
    at CardCollectionProvider (http://localhost:3000/static/js/bundle.js:158979:3)
    at AuthProvider (http://localhost:3000/static/js/bundle.js:158777:3)
    at ToastProvider (http://localhost:3000/static/js/bundle.js:159889:3)
    at Router (http://localhost:3000/static/js/bundle.js:103357:13)
    at BrowserRouter (http://localhost:3000/static/js/bundle.js:106445:3)
    at AppWithAuth @ http://localhost:3000/static/js/bundle.js:70901
