[     508ms] [INFO] %cDownload the React DevTools for a better development experience: https://reactjs.org/link/react-devtools font-weight:bold @ http://localhost:3000/static/js/bundle.js:96564
[     674ms] [ERROR] Failed to load resource: the server responded with a status of 401 () @ https://mtgtracker.store/api/trades/offers/received:0
[     675ms] [ERROR] Failed to load resource: the server responded with a status of 401 () @ https://mtgtracker.store/api/trades/matches:0
[     675ms] [ERROR] Failed to load resource: the server responded with a status of 401 () @ https://mtgtracker.store/api/trades/offers/sent:0
[     675ms] [ERROR] Failed to load resource: the server responded with a status of 401 () @ https://mtgtracker.store/api/notifications:0
[     676ms] [ERROR] Failed to load resource: the server responded with a status of 401 () @ https://mtgtracker.store/api/locations:0
[     677ms] [ERROR] Failed to load resource: the server responded with a status of 401 () @ https://mtgtracker.store/api/trades/offers/received:0
[     698ms] [ERROR] Failed to load resource: the server responded with a status of 401 () @ https://mtgtracker.store/api/tags:0
[     699ms] [ERROR] Failed to load resource: the server responded with a status of 401 () @ https://mtgtracker.store/api/trades/my-listings:0
[     699ms] [ERROR] Failed to load resource: the server responded with a status of 401 () @ https://mtgtracker.store/api/cards:0
[     700ms] [ERROR] Failed to load resource: the server responded with a status of 401 () @ https://mtgtracker.store/api/wishlist:0
[     700ms] [ERROR] Failed to load resource: the server responded with a status of 401 () @ https://mtgtracker.store/api/trades/matches:0
[     701ms] [ERROR] Failed to load resource: the server responded with a status of 401 () @ https://mtgtracker.store/api/trades/offers/sent:0
[     701ms] [ERROR] Failed to load resource: the server responded with a status of 401 () @ https://mtgtracker.store/api/notifications:0
[     701ms] [ERROR] Failed to load resource: the server responded with a status of 401 () @ https://mtgtracker.store/api/locations:0
[     702ms] [ERROR] Failed to load resource: the server responded with a status of 401 () @ https://mtgtracker.store/api/tags:0
[     702ms] [ERROR] Failed to load resource: the server responded with a status of 401 () @ https://mtgtracker.store/api/wishlist:0
[     703ms] [ERROR] Failed to load resource: the server responded with a status of 401 () @ https://mtgtracker.store/api/cards:0
[     703ms] [ERROR] Failed to load resource: the server responded with a status of 401 () @ https://mtgtracker.store/api/trades/my-listings:0
[     714ms] [ERROR] Failed to load resource: the server responded with a status of 401 () @ https://mtgtracker.store/api/achievements:0
[     721ms] [ERROR] Failed to load resource: the server responded with a status of 401 () @ https://mtgtracker.store/api/stats/value-history:0
[     731ms] [ERROR] Failed to load resource: the server responded with a status of 401 () @ https://mtgtracker.store/api/lifecounter/stats:0
[     744ms] [ERROR] Failed to load resource: the server responded with a status of 401 () @ https://mtgtracker.store/api/achievements:0
[     744ms] [ERROR] Failed to load resource: the server responded with a status of 401 () @ https://mtgtracker.store/api/stats/price-changes:0
[     765ms] [ERROR] Failed to load resource: the server responded with a status of 401 () @ https://mtgtracker.store/api/stats/value-history:0
[     765ms] [ERROR] Failed to load resource: the server responded with a status of 401 () @ https://mtgtracker.store/api/auth/me:0
[     766ms] [ERROR] Failed to load resource: the server responded with a status of 401 () @ https://mtgtracker.store/api/lifecounter/stats:0
[     767ms] [ERROR] Failed to load resource: the server responded with a status of 401 () @ https://mtgtracker.store/api/stats/price-changes:0
