[     506ms] [INFO] %cDownload the React DevTools for a better development experience: https://reactjs.org/link/react-devtools font-weight:bold @ http://localhost:3000/static/js/bundle.js:96598
[     624ms] [ERROR] Failed to load resource: the server responded with a status of 401 () @ https://mtgtracker.store/api/trades/offers/received:0
[     624ms] [ERROR] Failed to load resource: the server responded with a status of 401 () @ https://mtgtracker.store/api/trades/matches:0
[     625ms] [ERROR] Failed to load resource: the server responded with a status of 401 () @ https://mtgtracker.store/api/trades/my-listings:0
[     625ms] [ERROR] Failed to load resource: the server responded with a status of 401 () @ https://mtgtracker.store/api/trades/offers/sent:0
[     625ms] [ERROR] Failed to load resource: the server responded with a status of 401 () @ https://mtgtracker.store/api/trades/offers/received:0
[     626ms] [ERROR] Failed to load resource: the server responded with a status of 401 () @ https://mtgtracker.store/api/wishlist:0
[     627ms] [ERROR] Failed to load resource: the server responded with a status of 401 () @ https://mtgtracker.store/api/trades/matches:0
[     627ms] [ERROR] Failed to load resource: the server responded with a status of 401 () @ https://mtgtracker.store/api/trades/my-listings:0
[     627ms] [ERROR] Failed to load resource: the server responded with a status of 401 () @ https://mtgtracker.store/api/trades/offers/sent:0
[     650ms] [ERROR] Failed to load resource: the server responded with a status of 401 () @ https://mtgtracker.store/api/locations:0
[     650ms] [ERROR] Failed to load resource: the server responded with a status of 401 () @ https://mtgtracker.store/api/tags:0
[     650ms] [ERROR] Failed to load resource: the server responded with a status of 401 () @ https://mtgtracker.store/api/wishlist:0
[     659ms] [ERROR] Failed to load resource: the server responded with a status of 401 () @ https://mtgtracker.store/api/tags:0
[     659ms] [ERROR] Failed to load resource: the server responded with a status of 401 () @ https://mtgtracker.store/api/locations:0
[     659ms] [ERROR] Failed to load resource: the server responded with a status of 401 () @ https://mtgtracker.store/api/notifications:0
[     660ms] [ERROR] Failed to load resource: the server responded with a status of 401 () @ https://mtgtracker.store/api/cards:0
[     660ms] [ERROR] Failed to load resource: the server responded with a status of 401 () @ https://mtgtracker.store/api/notifications:0
[     660ms] [ERROR] Failed to load resource: the server responded with a status of 401 () @ https://mtgtracker.store/api/cards:0
[     717ms] [ERROR] Failed to load resource: the server responded with a status of 401 () @ https://mtgtracker.store/api/lifecounter/stats:0
[     717ms] [ERROR] Failed to load resource: the server responded with a status of 401 () @ https://mtgtracker.store/api/stats/price-changes:0
[     717ms] [ERROR] Failed to load resource: the server responded with a status of 401 () @ https://mtgtracker.store/api/stats/value-history:0
[     718ms] [ERROR] Failed to load resource: the server responded with a status of 401 () @ https://mtgtracker.store/api/auth/me:0
[     718ms] [ERROR] Failed to load resource: the server responded with a status of 401 () @ https://mtgtracker.store/api/achievements:0
[     718ms] [ERROR] Failed to load resource: the server responded with a status of 401 () @ https://mtgtracker.store/api/lifecounter/stats:0
[     718ms] [ERROR] Failed to load resource: the server responded with a status of 401 () @ https://mtgtracker.store/api/stats/price-changes:0
[     718ms] [ERROR] Failed to load resource: the server responded with a status of 401 () @ https://mtgtracker.store/api/achievements:0
[     719ms] [ERROR] Failed to load resource: the server responded with a status of 401 () @ https://mtgtracker.store/api/stats/value-history:0
