[     505ms] [INFO] %cDownload the React DevTools for a better development experience: https://reactjs.org/link/react-devtools font-weight:bold @ http://localhost:3000/static/js/bundle.js:96571
[     617ms] [ERROR] Failed to load resource: the server responded with a status of 401 () @ https://mtgtracker.store/api/trades/offers/sent:0
[     618ms] [ERROR] Failed to load resource: the server responded with a status of 401 () @ https://mtgtracker.store/api/trades/offers/received:0
[     618ms] [ERROR] Failed to load resource: the server responded with a status of 401 () @ https://mtgtracker.store/api/trades/my-listings:0
[     618ms] [ERROR] Failed to load resource: the server responded with a status of 401 () @ https://mtgtracker.store/api/trades/matches:0
[     618ms] [ERROR] Failed to load resource: the server responded with a status of 401 () @ https://mtgtracker.store/api/locations:0
[     619ms] [ERROR] Failed to load resource: the server responded with a status of 401 () @ https://mtgtracker.store/api/tags:0
[     620ms] [ERROR] Failed to load resource: the server responded with a status of 401 () @ https://mtgtracker.store/api/wishlist:0
[     620ms] [ERROR] Failed to load resource: the server responded with a status of 401 () @ https://mtgtracker.store/api/trades/offers/sent:0
[     626ms] [ERROR] Failed to load resource: the server responded with a status of 401 () @ https://mtgtracker.store/api/trades/my-listings:0
[     626ms] [ERROR] Failed to load resource: the server responded with a status of 401 () @ https://mtgtracker.store/api/trades/offers/received:0
[     627ms] [ERROR] Failed to load resource: the server responded with a status of 401 () @ https://mtgtracker.store/api/trades/matches:0
[     627ms] [ERROR] Failed to load resource: the server responded with a status of 401 () @ https://mtgtracker.store/api/cards:0
[     627ms] [ERROR] Failed to load resource: the server responded with a status of 401 () @ https://mtgtracker.store/api/notifications:0
[     627ms] [ERROR] Failed to load resource: the server responded with a status of 401 () @ https://mtgtracker.store/api/locations:0
[     628ms] [ERROR] Failed to load resource: the server responded with a status of 401 () @ https://mtgtracker.store/api/tags:0
[     628ms] [ERROR] Failed to load resource: the server responded with a status of 401 () @ https://mtgtracker.store/api/wishlist:0
[     642ms] [ERROR] Failed to load resource: the server responded with a status of 401 () @ https://mtgtracker.store/api/cards:0
[     643ms] [ERROR] Failed to load resource: the server responded with a status of 401 () @ https://mtgtracker.store/api/notifications:0
[     653ms] [ERROR] Failed to load resource: the server responded with a status of 401 () @ https://mtgtracker.store/api/achievements:0
[     655ms] [ERROR] Failed to load resource: the server responded with a status of 401 () @ https://mtgtracker.store/api/stats/price-changes:0
[     667ms] [ERROR] Failed to load resource: the server responded with a status of 401 () @ https://mtgtracker.store/api/stats/value-history:0
[     667ms] [ERROR] Failed to load resource: the server responded with a status of 401 () @ https://mtgtracker.store/api/lifecounter/stats:0
[     671ms] [ERROR] Failed to load resource: the server responded with a status of 401 () @ https://mtgtracker.store/api/achievements:0
[     680ms] [ERROR] Failed to load resource: the server responded with a status of 401 () @ https://mtgtracker.store/api/auth/me:0
[     687ms] [ERROR] Failed to load resource: the server responded with a status of 401 () @ https://mtgtracker.store/api/stats/price-changes:0
[     687ms] [ERROR] Failed to load resource: the server responded with a status of 401 () @ https://mtgtracker.store/api/lifecounter/stats:0
[     687ms] [ERROR] Failed to load resource: the server responded with a status of 401 () @ https://mtgtracker.store/api/stats/value-history:0
