[    4592ms] [WARNING] The powerPreference option is currently ignored when calling requestAdapter() on Windows. See https://crbug.com/369219127 @ :0
[   11411ms] [ERROR] Failed to load resource: the server responded with a status of 400 () @ https://discord.com/api/v9/experiments?with_guild_experiments=true&platform=DEVELOPER_PORTAL:0
[   11485ms] [ERROR] Failed to load resource: the server responded with a status of 401 () @ https://discord.com/api/v9/users/@me/guilds?with_counts=true:0
[   11486ms] [ERROR] Failed to load resource: the server responded with a status of 401 () @ https://discord.com/api/v9/applications?with_team_applications=true:0
[   11486ms] [ERROR] Failed to load resource: the server responded with a status of 401 () @ https://discord.com/api/v9/teams:0
[   11492ms] f
[   11538ms] [ERROR] Failed to load resource: the server responded with a status of 401 () @ https://discord.com/api/v9/teams:0
[   14432ms] [ERROR] Failed to load resource: the server responded with a status of 401 () @ https://discord.com/api/v9/promotions?locale=en-US&platform=0:0
[   18147ms] [WARNING] The resource https://discord.com/assets/189422196a4f8b53.woff2 was preloaded using link preload but not used within a few seconds from the window's load event. Please make sure it has an appropriate `as` value and it is preloaded intentionally. @ https://discord.com/login?redirect_to=%2Fdevelopers%2Fapplications:0
[   18147ms] [WARNING] The resource https://discord.com/assets/ce3b8055f5114434.woff2 was preloaded using link preload but not used within a few seconds from the window's load event. Please make sure it has an appropriate `as` value and it is preloaded intentionally. @ https://discord.com/login?redirect_to=%2Fdevelopers%2Fapplications:0
[   18147ms] [WARNING] The resource https://discord.com/assets/cb2006dbced0e246.woff2 was preloaded using link preload but not used within a few seconds from the window's load event. Please make sure it has an appropriate `as` value and it is preloaded intentionally. @ https://discord.com/login?redirect_to=%2Fdevelopers%2Fapplications:0
[   18147ms] [WARNING] The resource https://discord.com/assets/7a6a566c2e88a35d.woff2 was preloaded using link preload but not used within a few seconds from the window's load event. Please make sure it has an appropriate `as` value and it is preloaded intentionally. @ https://discord.com/login?redirect_to=%2Fdevelopers%2Fapplications:0
[   18147ms] [WARNING] The resource https://discord.com/assets/e52f0cba712e2fb4.woff2 was preloaded using link preload but not used within a few seconds from the window's load event. Please make sure it has an appropriate `as` value and it is preloaded intentionally. @ https://discord.com/login?redirect_to=%2Fdevelopers%2Fapplications:0
[   18147ms] [WARNING] The resource https://discord.com/assets/dd24010f3cf7def7.woff2 was preloaded using link preload but not used within a few seconds from the window's load event. Please make sure it has an appropriate `as` value and it is preloaded intentionally. @ https://discord.com/login?redirect_to=%2Fdevelopers%2Fapplications:0
[   55911ms] [WARNING] The resource https://discord.com/assets/189422196a4f8b53.woff2 was preloaded using link preload but not used within a few seconds from the window's load event. Please make sure it has an appropriate `as` value and it is preloaded intentionally. @ https://discord.com/login?redirect_to=%2Fdevelopers%2Fapplications:0
[   55911ms] [WARNING] The resource https://discord.com/assets/ce3b8055f5114434.woff2 was preloaded using link preload but not used within a few seconds from the window's load event. Please make sure it has an appropriate `as` value and it is preloaded intentionally. @ https://discord.com/login?redirect_to=%2Fdevelopers%2Fapplications:0
[   55911ms] [WARNING] The resource https://discord.com/assets/cb2006dbced0e246.woff2 was preloaded using link preload but not used within a few seconds from the window's load event. Please make sure it has an appropriate `as` value and it is preloaded intentionally. @ https://discord.com/login?redirect_to=%2Fdevelopers%2Fapplications:0
[   55911ms] [WARNING] The resource https://discord.com/assets/7a6a566c2e88a35d.woff2 was preloaded using link preload but not used within a few seconds from the window's load event. Please make sure it has an appropriate `as` value and it is preloaded intentionally. @ https://discord.com/login?redirect_to=%2Fdevelopers%2Fapplications:0
[   55911ms] [WARNING] The resource https://discord.com/assets/e52f0cba712e2fb4.woff2 was preloaded using link preload but not used within a few seconds from the window's load event. Please make sure it has an appropriate `as` value and it is preloaded intentionally. @ https://discord.com/login?redirect_to=%2Fdevelopers%2Fapplications:0
[   55911ms] [WARNING] The resource https://discord.com/assets/dd24010f3cf7def7.woff2 was preloaded using link preload but not used within a few seconds from the window's load event. Please make sure it has an appropriate `as` value and it is preloaded intentionally. @ https://discord.com/login?redirect_to=%2Fdevelopers%2Fapplications:0
[   56178ms] Starting password login
[   56308ms] [ERROR] Failed to load resource: the server responded with a status of 400 () @ https://discord.com/api/v9/auth/login:0
[   61726ms] [WARNING] The resource https://discord.com/assets/189422196a4f8b53.woff2 was preloaded using link preload but not used within a few seconds from the window's load event. Please make sure it has an appropriate `as` value and it is preloaded intentionally. @ https://discord.com/login?redirect_to=%2Fdevelopers%2Fapplications:0
[   61726ms] [WARNING] The resource https://discord.com/assets/ce3b8055f5114434.woff2 was preloaded using link preload but not used within a few seconds from the window's load event. Please make sure it has an appropriate `as` value and it is preloaded intentionally. @ https://discord.com/login?redirect_to=%2Fdevelopers%2Fapplications:0
[   61726ms] [WARNING] The resource https://discord.com/assets/cb2006dbced0e246.woff2 was preloaded using link preload but not used within a few seconds from the window's load event. Please make sure it has an appropriate `as` value and it is preloaded intentionally. @ https://discord.com/login?redirect_to=%2Fdevelopers%2Fapplications:0
[   61726ms] [WARNING] The resource https://discord.com/assets/7a6a566c2e88a35d.woff2 was preloaded using link preload but not used within a few seconds from the window's load event. Please make sure it has an appropriate `as` value and it is preloaded intentionally. @ https://discord.com/login?redirect_to=%2Fdevelopers%2Fapplications:0
[   61726ms] [WARNING] The resource https://discord.com/assets/e52f0cba712e2fb4.woff2 was preloaded using link preload but not used within a few seconds from the window's load event. Please make sure it has an appropriate `as` value and it is preloaded intentionally. @ https://discord.com/login?redirect_to=%2Fdevelopers%2Fapplications:0
[   61726ms] [WARNING] The resource https://discord.com/assets/dd24010f3cf7def7.woff2 was preloaded using link preload but not used within a few seconds from the window's load event. Please make sure it has an appropriate `as` value and it is preloaded intentionally. @ https://discord.com/login?redirect_to=%2Fdevelopers%2Fapplications:0
[   70125ms] [ERROR] Failed to load resource: the server responded with a status of 400 () @ https://discord.com/api/v9/auth/login:0
[   73203ms] [WARNING] The resource https://discord.com/assets/189422196a4f8b53.woff2 was preloaded using link preload but not used within a few seconds from the window's load event. Please make sure it has an appropriate `as` value and it is preloaded intentionally. @ https://discord.com/login?redirect_to=%2Fdevelopers%2Fapplications:0
[   73203ms] [WARNING] The resource https://discord.com/assets/ce3b8055f5114434.woff2 was preloaded using link preload but not used within a few seconds from the window's load event. Please make sure it has an appropriate `as` value and it is preloaded intentionally. @ https://discord.com/login?redirect_to=%2Fdevelopers%2Fapplications:0
[   73203ms] [WARNING] The resource https://discord.com/assets/cb2006dbced0e246.woff2 was preloaded using link preload but not used within a few seconds from the window's load event. Please make sure it has an appropriate `as` value and it is preloaded intentionally. @ https://discord.com/login?redirect_to=%2Fdevelopers%2Fapplications:0
[   73203ms] [WARNING] The resource https://discord.com/assets/7a6a566c2e88a35d.woff2 was preloaded using link preload but not used within a few seconds from the window's load event. Please make sure it has an appropriate `as` value and it is preloaded intentionally. @ https://discord.com/login?redirect_to=%2Fdevelopers%2Fapplications:0
[   73203ms] [WARNING] The resource https://discord.com/assets/e52f0cba712e2fb4.woff2 was preloaded using link preload but not used within a few seconds from the window's load event. Please make sure it has an appropriate `as` value and it is preloaded intentionally. @ https://discord.com/login?redirect_to=%2Fdevelopers%2Fapplications:0
[   73203ms] [WARNING] The resource https://discord.com/assets/dd24010f3cf7def7.woff2 was preloaded using link preload but not used within a few seconds from the window's load event. Please make sure it has an appropriate `as` value and it is preloaded intentionally. @ https://discord.com/login?redirect_to=%2Fdevelopers%2Fapplications:0
[   74581ms] [ERROR] Failed to load resource: the server responded with a status of 400 () @ https://discord.com/api/v9/auth/forgot:0
[   78853ms] [WARNING] The resource https://discord.com/assets/189422196a4f8b53.woff2 was preloaded using link preload but not used within a few seconds from the window's load event. Please make sure it has an appropriate `as` value and it is preloaded intentionally. @ https://discord.com/login?redirect_to=%2Fdevelopers%2Fapplications:0
[   78853ms] [WARNING] The resource https://discord.com/assets/ce3b8055f5114434.woff2 was preloaded using link preload but not used within a few seconds from the window's load event. Please make sure it has an appropriate `as` value and it is preloaded intentionally. @ https://discord.com/login?redirect_to=%2Fdevelopers%2Fapplications:0
[   78853ms] [WARNING] The resource https://discord.com/assets/cb2006dbced0e246.woff2 was preloaded using link preload but not used within a few seconds from the window's load event. Please make sure it has an appropriate `as` value and it is preloaded intentionally. @ https://discord.com/login?redirect_to=%2Fdevelopers%2Fapplications:0
[   78853ms] [WARNING] The resource https://discord.com/assets/7a6a566c2e88a35d.woff2 was preloaded using link preload but not used within a few seconds from the window's load event. Please make sure it has an appropriate `as` value and it is preloaded intentionally. @ https://discord.com/login?redirect_to=%2Fdevelopers%2Fapplications:0
[   78853ms] [WARNING] The resource https://discord.com/assets/e52f0cba712e2fb4.woff2 was preloaded using link preload but not used within a few seconds from the window's load event. Please make sure it has an appropriate `as` value and it is preloaded intentionally. @ https://discord.com/login?redirect_to=%2Fdevelopers%2Fapplications:0
[   78853ms] [WARNING] The resource https://discord.com/assets/dd24010f3cf7def7.woff2 was preloaded using link preload but not used within a few seconds from the window's load event. Please make sure it has an appropriate `as` value and it is preloaded intentionally. @ https://discord.com/login?redirect_to=%2Fdevelopers%2Fapplications:0
[   85063ms] [WARNING] The resource https://discord.com/assets/189422196a4f8b53.woff2 was preloaded using link preload but not used within a few seconds from the window's load event. Please make sure it has an appropriate `as` value and it is preloaded intentionally. @ https://discord.com/login?redirect_to=%2Fdevelopers%2Fapplications:0
[   85063ms] [WARNING] The resource https://discord.com/assets/ce3b8055f5114434.woff2 was preloaded using link preload but not used within a few seconds from the window's load event. Please make sure it has an appropriate `as` value and it is preloaded intentionally. @ https://discord.com/login?redirect_to=%2Fdevelopers%2Fapplications:0
[   85063ms] [WARNING] The resource https://discord.com/assets/cb2006dbced0e246.woff2 was preloaded using link preload but not used within a few seconds from the window's load event. Please make sure it has an appropriate `as` value and it is preloaded intentionally. @ https://discord.com/login?redirect_to=%2Fdevelopers%2Fapplications:0
[   85063ms] [WARNING] The resource https://discord.com/assets/7a6a566c2e88a35d.woff2 was preloaded using link preload but not used within a few seconds from the window's load event. Please make sure it has an appropriate `as` value and it is preloaded intentionally. @ https://discord.com/login?redirect_to=%2Fdevelopers%2Fapplications:0
[   85063ms] [WARNING] The resource https://discord.com/assets/e52f0cba712e2fb4.woff2 was preloaded using link preload but not used within a few seconds from the window's load event. Please make sure it has an appropriate `as` value and it is preloaded intentionally. @ https://discord.com/login?redirect_to=%2Fdevelopers%2Fapplications:0
[   85063ms] [WARNING] The resource https://discord.com/assets/dd24010f3cf7def7.woff2 was preloaded using link preload but not used within a few seconds from the window's load event. Please make sure it has an appropriate `as` value and it is preloaded intentionally. @ https://discord.com/login?redirect_to=%2Fdevelopers%2Fapplications:0
[   90712ms] [WARNING] The resource https://discord.com/assets/189422196a4f8b53.woff2 was preloaded using link preload but not used within a few seconds from the window's load event. Please make sure it has an appropriate `as` value and it is preloaded intentionally. @ https://discord.com/login?redirect_to=%2Fdevelopers%2Fapplications:0
[   90712ms] [WARNING] The resource https://discord.com/assets/ce3b8055f5114434.woff2 was preloaded using link preload but not used within a few seconds from the window's load event. Please make sure it has an appropriate `as` value and it is preloaded intentionally. @ https://discord.com/login?redirect_to=%2Fdevelopers%2Fapplications:0
[   90712ms] [WARNING] The resource https://discord.com/assets/cb2006dbced0e246.woff2 was preloaded using link preload but not used within a few seconds from the window's load event. Please make sure it has an appropriate `as` value and it is preloaded intentionally. @ https://discord.com/login?redirect_to=%2Fdevelopers%2Fapplications:0
[   90712ms] [WARNING] The resource https://discord.com/assets/7a6a566c2e88a35d.woff2 was preloaded using link preload but not used within a few seconds from the window's load event. Please make sure it has an appropriate `as` value and it is preloaded intentionally. @ https://discord.com/login?redirect_to=%2Fdevelopers%2Fapplications:0
[   90712ms] [WARNING] The resource https://discord.com/assets/e52f0cba712e2fb4.woff2 was preloaded using link preload but not used within a few seconds from the window's load event. Please make sure it has an appropriate `as` value and it is preloaded intentionally. @ https://discord.com/login?redirect_to=%2Fdevelopers%2Fapplications:0
[   90712ms] [WARNING] The resource https://discord.com/assets/dd24010f3cf7def7.woff2 was preloaded using link preload but not used within a few seconds from the window's load event. Please make sure it has an appropriate `as` value and it is preloaded intentionally. @ https://discord.com/login?redirect_to=%2Fdevelopers%2Fapplications:0
[  137288ms] [WARNING] The resource https://discord.com/assets/189422196a4f8b53.woff2 was preloaded using link preload but not used within a few seconds from the window's load event. Please make sure it has an appropriate `as` value and it is preloaded intentionally. @ https://discord.com/login?redirect_to=%2Fdevelopers%2Fapplications:0
[  137288ms] [WARNING] The resource https://discord.com/assets/ce3b8055f5114434.woff2 was preloaded using link preload but not used within a few seconds from the window's load event. Please make sure it has an appropriate `as` value and it is preloaded intentionally. @ https://discord.com/login?redirect_to=%2Fdevelopers%2Fapplications:0
[  137288ms] [WARNING] The resource https://discord.com/assets/cb2006dbced0e246.woff2 was preloaded using link preload but not used within a few seconds from the window's load event. Please make sure it has an appropriate `as` value and it is preloaded intentionally. @ https://discord.com/login?redirect_to=%2Fdevelopers%2Fapplications:0
[  137288ms] [WARNING] The resource https://discord.com/assets/7a6a566c2e88a35d.woff2 was preloaded using link preload but not used within a few seconds from the window's load event. Please make sure it has an appropriate `as` value and it is preloaded intentionally. @ https://discord.com/login?redirect_to=%2Fdevelopers%2Fapplications:0
[  137288ms] [WARNING] The resource https://discord.com/assets/e52f0cba712e2fb4.woff2 was preloaded using link preload but not used within a few seconds from the window's load event. Please make sure it has an appropriate `as` value and it is preloaded intentionally. @ https://discord.com/login?redirect_to=%2Fdevelopers%2Fapplications:0
[  137288ms] [WARNING] The resource https://discord.com/assets/dd24010f3cf7def7.woff2 was preloaded using link preload but not used within a few seconds from the window's load event. Please make sure it has an appropriate `as` value and it is preloaded intentionally. @ https://discord.com/login?redirect_to=%2Fdevelopers%2Fapplications:0
[  204503ms] [ERROR] Failed to load resource: the server responded with a status of 400 () @ https://discord.com/api/v9/auth/login:0
[  210040ms] [WARNING] The resource https://discord.com/assets/189422196a4f8b53.woff2 was preloaded using link preload but not used within a few seconds from the window's load event. Please make sure it has an appropriate `as` value and it is preloaded intentionally. @ https://discord.com/login?redirect_to=%2Fdevelopers%2Fapplications:0
[  210040ms] [WARNING] The resource https://discord.com/assets/ce3b8055f5114434.woff2 was preloaded using link preload but not used within a few seconds from the window's load event. Please make sure it has an appropriate `as` value and it is preloaded intentionally. @ https://discord.com/login?redirect_to=%2Fdevelopers%2Fapplications:0
[  210040ms] [WARNING] The resource https://discord.com/assets/cb2006dbced0e246.woff2 was preloaded using link preload but not used within a few seconds from the window's load event. Please make sure it has an appropriate `as` value and it is preloaded intentionally. @ https://discord.com/login?redirect_to=%2Fdevelopers%2Fapplications:0
[  210040ms] [WARNING] The resource https://discord.com/assets/7a6a566c2e88a35d.woff2 was preloaded using link preload but not used within a few seconds from the window's load event. Please make sure it has an appropriate `as` value and it is preloaded intentionally. @ https://discord.com/login?redirect_to=%2Fdevelopers%2Fapplications:0
[  210040ms] [WARNING] The resource https://discord.com/assets/e52f0cba712e2fb4.woff2 was preloaded using link preload but not used within a few seconds from the window's load event. Please make sure it has an appropriate `as` value and it is preloaded intentionally. @ https://discord.com/login?redirect_to=%2Fdevelopers%2Fapplications:0
[  210040ms] [WARNING] The resource https://discord.com/assets/dd24010f3cf7def7.woff2 was preloaded using link preload but not used within a few seconds from the window's load event. Please make sure it has an appropriate `as` value and it is preloaded intentionally. @ https://discord.com/login?redirect_to=%2Fdevelopers%2Fapplications:0
[  213083ms] [ERROR] Failed to load resource: the server responded with a status of 400 () @ https://discord.com/api/v9/auth/login:0
[  219042ms] [WARNING] The resource https://discord.com/assets/189422196a4f8b53.woff2 was preloaded using link preload but not used within a few seconds from the window's load event. Please make sure it has an appropriate `as` value and it is preloaded intentionally. @ https://discord.com/register?email=kinkotg%40gmail.com&redirect_to=%2Fdevelopers%2Fapplications:0
[  219042ms] [WARNING] The resource https://discord.com/assets/ce3b8055f5114434.woff2 was preloaded using link preload but not used within a few seconds from the window's load event. Please make sure it has an appropriate `as` value and it is preloaded intentionally. @ https://discord.com/register?email=kinkotg%40gmail.com&redirect_to=%2Fdevelopers%2Fapplications:0
[  219042ms] [WARNING] The resource https://discord.com/assets/cb2006dbced0e246.woff2 was preloaded using link preload but not used within a few seconds from the window's load event. Please make sure it has an appropriate `as` value and it is preloaded intentionally. @ https://discord.com/register?email=kinkotg%40gmail.com&redirect_to=%2Fdevelopers%2Fapplications:0
[  219042ms] [WARNING] The resource https://discord.com/assets/7a6a566c2e88a35d.woff2 was preloaded using link preload but not used within a few seconds from the window's load event. Please make sure it has an appropriate `as` value and it is preloaded intentionally. @ https://discord.com/register?email=kinkotg%40gmail.com&redirect_to=%2Fdevelopers%2Fapplications:0
[  219042ms] [WARNING] The resource https://discord.com/assets/e52f0cba712e2fb4.woff2 was preloaded using link preload but not used within a few seconds from the window's load event. Please make sure it has an appropriate `as` value and it is preloaded intentionally. @ https://discord.com/register?email=kinkotg%40gmail.com&redirect_to=%2Fdevelopers%2Fapplications:0
[  219042ms] [WARNING] The resource https://discord.com/assets/dd24010f3cf7def7.woff2 was preloaded using link preload but not used within a few seconds from the window's load event. Please make sure it has an appropriate `as` value and it is preloaded intentionally. @ https://discord.com/register?email=kinkotg%40gmail.com&redirect_to=%2Fdevelopers%2Fapplications:0
[  227738ms] [WARNING] The resource https://discord.com/assets/189422196a4f8b53.woff2 was preloaded using link preload but not used within a few seconds from the window's load event. Please make sure it has an appropriate `as` value and it is preloaded intentionally. @ https://discord.com/login?redirect_to=%2Fdevelopers%2Fapplications:0
[  227738ms] [WARNING] The resource https://discord.com/assets/ce3b8055f5114434.woff2 was preloaded using link preload but not used within a few seconds from the window's load event. Please make sure it has an appropriate `as` value and it is preloaded intentionally. @ https://discord.com/login?redirect_to=%2Fdevelopers%2Fapplications:0
[  227738ms] [WARNING] The resource https://discord.com/assets/cb2006dbced0e246.woff2 was preloaded using link preload but not used within a few seconds from the window's load event. Please make sure it has an appropriate `as` value and it is preloaded intentionally. @ https://discord.com/login?redirect_to=%2Fdevelopers%2Fapplications:0
[  227738ms] [WARNING] The resource https://discord.com/assets/7a6a566c2e88a35d.woff2 was preloaded using link preload but not used within a few seconds from the window's load event. Please make sure it has an appropriate `as` value and it is preloaded intentionally. @ https://discord.com/login?redirect_to=%2Fdevelopers%2Fapplications:0
[  227738ms] [WARNING] The resource https://discord.com/assets/e52f0cba712e2fb4.woff2 was preloaded using link preload but not used within a few seconds from the window's load event. Please make sure it has an appropriate `as` value and it is preloaded intentionally. @ https://discord.com/login?redirect_to=%2Fdevelopers%2Fapplications:0
[  227738ms] [WARNING] The resource https://discord.com/assets/dd24010f3cf7def7.woff2 was preloaded using link preload but not used within a few seconds from the window's load event. Please make sure it has an appropriate `as` value and it is preloaded intentionally. @ https://discord.com/login?redirect_to=%2Fdevelopers%2Fapplications:0
[  233302ms] [WARNING] The resource https://discord.com/assets/189422196a4f8b53.woff2 was preloaded using link preload but not used within a few seconds from the window's load event. Please make sure it has an appropriate `as` value and it is preloaded intentionally. @ https://discord.com/login?redirect_to=%2Fdevelopers%2Fapplications:0
[  233302ms] [WARNING] The resource https://discord.com/assets/ce3b8055f5114434.woff2 was preloaded using link preload but not used within a few seconds from the window's load event. Please make sure it has an appropriate `as` value and it is preloaded intentionally. @ https://discord.com/login?redirect_to=%2Fdevelopers%2Fapplications:0
[  233302ms] [WARNING] The resource https://discord.com/assets/cb2006dbced0e246.woff2 was preloaded using link preload but not used within a few seconds from the window's load event. Please make sure it has an appropriate `as` value and it is preloaded intentionally. @ https://discord.com/login?redirect_to=%2Fdevelopers%2Fapplications:0
[  233302ms] [WARNING] The resource https://discord.com/assets/7a6a566c2e88a35d.woff2 was preloaded using link preload but not used within a few seconds from the window's load event. Please make sure it has an appropriate `as` value and it is preloaded intentionally. @ https://discord.com/login?redirect_to=%2Fdevelopers%2Fapplications:0
[  233302ms] [WARNING] The resource https://discord.com/assets/e52f0cba712e2fb4.woff2 was preloaded using link preload but not used within a few seconds from the window's load event. Please make sure it has an appropriate `as` value and it is preloaded intentionally. @ https://discord.com/login?redirect_to=%2Fdevelopers%2Fapplications:0
[  233302ms] [WARNING] The resource https://discord.com/assets/dd24010f3cf7def7.woff2 was preloaded using link preload but not used within a few seconds from the window's load event. Please make sure it has an appropriate `as` value and it is preloaded intentionally. @ https://discord.com/login?redirect_to=%2Fdevelopers%2Fapplications:0
[  234029ms] Starting password login
[  234126ms] [ERROR] Failed to load resource: the server responded with a status of 400 () @ https://discord.com/api/v9/auth/login:0
[  239577ms] [WARNING] The resource https://discord.com/assets/189422196a4f8b53.woff2 was preloaded using link preload but not used within a few seconds from the window's load event. Please make sure it has an appropriate `as` value and it is preloaded intentionally. @ https://discord.com/login?redirect_to=%2Fdevelopers%2Fapplications:0
[  239577ms] [WARNING] The resource https://discord.com/assets/ce3b8055f5114434.woff2 was preloaded using link preload but not used within a few seconds from the window's load event. Please make sure it has an appropriate `as` value and it is preloaded intentionally. @ https://discord.com/login?redirect_to=%2Fdevelopers%2Fapplications:0
[  239577ms] [WARNING] The resource https://discord.com/assets/cb2006dbced0e246.woff2 was preloaded using link preload but not used within a few seconds from the window's load event. Please make sure it has an appropriate `as` value and it is preloaded intentionally. @ https://discord.com/login?redirect_to=%2Fdevelopers%2Fapplications:0
[  239577ms] [WARNING] The resource https://discord.com/assets/7a6a566c2e88a35d.woff2 was preloaded using link preload but not used within a few seconds from the window's load event. Please make sure it has an appropriate `as` value and it is preloaded intentionally. @ https://discord.com/login?redirect_to=%2Fdevelopers%2Fapplications:0
[  239577ms] [WARNING] The resource https://discord.com/assets/e52f0cba712e2fb4.woff2 was preloaded using link preload but not used within a few seconds from the window's load event. Please make sure it has an appropriate `as` value and it is preloaded intentionally. @ https://discord.com/login?redirect_to=%2Fdevelopers%2Fapplications:0
[  239578ms] [WARNING] The resource https://discord.com/assets/dd24010f3cf7def7.woff2 was preloaded using link preload but not used within a few seconds from the window's load event. Please make sure it has an appropriate `as` value and it is preloaded intentionally. @ https://discord.com/login?redirect_to=%2Fdevelopers%2Fapplications:0
[  241496ms] [ERROR] Failed to load resource: the server responded with a status of 400 () @ https://discord.com/api/v9/auth/login:0
[  244795ms] [WARNING] The resource https://discord.com/assets/189422196a4f8b53.woff2 was preloaded using link preload but not used within a few seconds from the window's load event. Please make sure it has an appropriate `as` value and it is preloaded intentionally. @ https://discord.com/login?redirect_to=%2Fdevelopers%2Fapplications:0
[  244795ms] [WARNING] The resource https://discord.com/assets/ce3b8055f5114434.woff2 was preloaded using link preload but not used within a few seconds from the window's load event. Please make sure it has an appropriate `as` value and it is preloaded intentionally. @ https://discord.com/login?redirect_to=%2Fdevelopers%2Fapplications:0
[  244795ms] [WARNING] The resource https://discord.com/assets/cb2006dbced0e246.woff2 was preloaded using link preload but not used within a few seconds from the window's load event. Please make sure it has an appropriate `as` value and it is preloaded intentionally. @ https://discord.com/login?redirect_to=%2Fdevelopers%2Fapplications:0
[  244795ms] [WARNING] The resource https://discord.com/assets/7a6a566c2e88a35d.woff2 was preloaded using link preload but not used within a few seconds from the window's load event. Please make sure it has an appropriate `as` value and it is preloaded intentionally. @ https://discord.com/login?redirect_to=%2Fdevelopers%2Fapplications:0
[  244795ms] [WARNING] The resource https://discord.com/assets/e52f0cba712e2fb4.woff2 was preloaded using link preload but not used within a few seconds from the window's load event. Please make sure it has an appropriate `as` value and it is preloaded intentionally. @ https://discord.com/login?redirect_to=%2Fdevelopers%2Fapplications:0
[  244795ms] [WARNING] The resource https://discord.com/assets/dd24010f3cf7def7.woff2 was preloaded using link preload but not used within a few seconds from the window's load event. Please make sure it has an appropriate `as` value and it is preloaded intentionally. @ https://discord.com/login?redirect_to=%2Fdevelopers%2Fapplications:0
[  257241ms] [WARNING] The resource https://discord.com/assets/189422196a4f8b53.woff2 was preloaded using link preload but not used within a few seconds from the window's load event. Please make sure it has an appropriate `as` value and it is preloaded intentionally. @ https://discord.com/login?redirect_to=%2Fdevelopers%2Fapplications:0
[  257241ms] [WARNING] The resource https://discord.com/assets/ce3b8055f5114434.woff2 was preloaded using link preload but not used within a few seconds from the window's load event. Please make sure it has an appropriate `as` value and it is preloaded intentionally. @ https://discord.com/login?redirect_to=%2Fdevelopers%2Fapplications:0
[  257241ms] [WARNING] The resource https://discord.com/assets/cb2006dbced0e246.woff2 was preloaded using link preload but not used within a few seconds from the window's load event. Please make sure it has an appropriate `as` value and it is preloaded intentionally. @ https://discord.com/login?redirect_to=%2Fdevelopers%2Fapplications:0
[  257241ms] [WARNING] The resource https://discord.com/assets/7a6a566c2e88a35d.woff2 was preloaded using link preload but not used within a few seconds from the window's load event. Please make sure it has an appropriate `as` value and it is preloaded intentionally. @ https://discord.com/login?redirect_to=%2Fdevelopers%2Fapplications:0
[  257241ms] [WARNING] The resource https://discord.com/assets/e52f0cba712e2fb4.woff2 was preloaded using link preload but not used within a few seconds from the window's load event. Please make sure it has an appropriate `as` value and it is preloaded intentionally. @ https://discord.com/login?redirect_to=%2Fdevelopers%2Fapplications:0
[  257241ms] [WARNING] The resource https://discord.com/assets/dd24010f3cf7def7.woff2 was preloaded using link preload but not used within a few seconds from the window's load event. Please make sure it has an appropriate `as` value and it is preloaded intentionally. @ https://discord.com/login?redirect_to=%2Fdevelopers%2Fapplications:0
[  387171ms] [ERROR] Failed to load resource: the server responded with a status of 404 () @ https://discord.com/api/v9/users/@me/identity/verification:0
[  400897ms] [ERROR] Failed to load resource: the server responded with a status of 400 () @ https://discord.com/api/v9/applications:0
[  422025ms] [ERROR] Failed to load resource: the server responded with a status of 403 () @ https://discord.com/api/v9/applications:0
[  426041ms] [ERROR] Failed to load resource: the server responded with a status of 400 () @ https://discord.com/api/v9/applications:0
[  433677ms] [ERROR] Failed to load resource: the server responded with a status of 403 () @ https://discord.com/api/v9/applications:0
[  443790ms] [ERROR] Failed to load resource: the server responded with a status of 400 () @ https://discord.com/api/v9/applications:0
[  449540ms] [ERROR] Failed to load resource: the server responded with a status of 403 () @ https://discord.com/api/v9/applications:0
[  513126ms] [ERROR] Failed to load resource: the server responded with a status of 400 () @ https://discord.com/api/v9/applications:0
[  522348ms] [ERROR] Failed to load resource: the server responded with a status of 403 () @ https://discord.com/api/v9/applications:0
[  552979ms] [ERROR] Failed to load resource: the server responded with a status of 404 () @ https://discord.com/api/v9/users/@me/identity/verification:0
[  567182ms] [ERROR] Failed to load resource: the server responded with a status of 400 () @ https://discord.com/api/v9/applications:0
[  574093ms] [ERROR] Failed to load resource: the server responded with a status of 403 () @ https://discord.com/api/v9/applications:0
[  578672ms] [ERROR] Failed to load resource: the server responded with a status of 404 () @ https://docs.discord.com/cdn-cgi/rum?:0
[  581932ms] [ERROR] Failed to load resource: the server responded with a status of 404 () @ https://discord.com/api/v9/users/@me/identity/verification:0
[  581945ms] [ERROR] Failed to load resource: the server responded with a status of 429 () @ https://discord.com/error-reporting-proxy/developers:0
[  697146ms] [ERROR] Failed to load resource: the server responded with a status of 404 () @ https://discord.com/api/v9/users/@me/identity/verification:0
[  700972ms] [ERROR] Failed to load resource: the server responded with a status of 400 () @ https://discord.com/api/v9/applications:0
[  709082ms] [ERROR] Failed to load resource: the server responded with a status of 403 () @ https://discord.com/api/v9/applications:0
[  711599ms] [ERROR] Failed to load resource: the server responded with a status of 429 () @ https://discord.com/error-reporting-proxy/developers:0
[  711742ms] [ERROR] Failed to load resource: the server responded with a status of 404 () @ https://discord.com/api/v9/users/@me/identity/verification:0
[  719580ms] [ERROR] Failed to load resource: the server responded with a status of 400 () @ https://discord.com/api/v9/applications:0
[  727238ms] [ERROR] Failed to load resource: the server responded with a status of 403 () @ https://discord.com/api/v9/applications:0
