[     535ms] [INFO] %cDownload the React DevTools for a better development experience: https://reactjs.org/link/react-devtools font-weight:bold @ http://localhost:3000/static/js/bundle.js:96564
[     697ms] [ERROR] Failed to load resource: the server responded with a status of 401 () @ https://mtgtracker.store/api/lifecounter/stats:0
[     751ms] [ERROR] Failed to load resource: the server responded with a status of 401 () @ https://mtgtracker.store/api/lifecounter/stats:0
[   34601ms] [ERROR] Failed to load resource: the server responded with a status of 401 () @ https://mtgtracker.store/api/decks/6a230ba92a73f33ee858aae5/stats:0
[   34602ms] [ERROR] Failed to load resource: the server responded with a status of 401 () @ https://mtgtracker.store/api/decks/6a230ba92a73f33ee858aae5/value-history:0
[   34602ms] [ERROR] Failed to load resource: the server responded with a status of 401 () @ https://mtgtracker.store/api/decks/6a230ba92a73f33ee858aae5/changelog:0
[   34605ms] [ERROR] Failed to load resource: the server responded with a status of 401 () @ https://mtgtracker.store/api/decks/6a230ba92a73f33ee858aae5/stats:0
[   34606ms] [ERROR] Failed to load resource: the server responded with a status of 401 () @ https://mtgtracker.store/api/decks/6a230ba92a73f33ee858aae5/value-history:0
[   34609ms] [ERROR] Failed to load resource: the server responded with a status of 401 () @ https://mtgtracker.store/api/decks/6a230ba92a73f33ee858aae5/changelog:0
[  570820ms] [ERROR] Failed to load resource: the server responded with a status of 401 () @ https://mtgtracker.store/api/notifications:0
[  600806ms] [ERROR] Failed to load resource: the server responded with a status of 401 () @ https://mtgtracker.store/api/notifications:0
[  630826ms] [ERROR] Failed to load resource: the server responded with a status of 401 () @ https://mtgtracker.store/api/notifications:0
[  660821ms] [ERROR] Failed to load resource: the server responded with a status of 401 () @ https://mtgtracker.store/api/notifications:0
[  690814ms] [ERROR] Failed to load resource: the server responded with a status of 401 () @ https://mtgtracker.store/api/notifications:0
[  720813ms] [ERROR] Failed to load resource: the server responded with a status of 401 () @ https://mtgtracker.store/api/notifications:0
[  750818ms] [ERROR] Failed to load resource: the server responded with a status of 401 () @ https://mtgtracker.store/api/notifications:0
[  780825ms] [ERROR] Failed to load resource: the server responded with a status of 401 () @ https://mtgtracker.store/api/notifications:0
[  810816ms] [ERROR] Failed to load resource: the server responded with a status of 401 () @ https://mtgtracker.store/api/notifications:0
[  840824ms] [ERROR] Failed to load resource: the server responded with a status of 401 () @ https://mtgtracker.store/api/notifications:0
[  870811ms] [ERROR] Failed to load resource: the server responded with a status of 401 () @ https://mtgtracker.store/api/notifications:0
[  900819ms] [ERROR] Failed to load resource: the server responded with a status of 401 () @ https://mtgtracker.store/api/notifications:0
[  930822ms] [ERROR] Failed to load resource: the server responded with a status of 401 () @ https://mtgtracker.store/api/notifications:0
[  960814ms] [ERROR] Failed to load resource: the server responded with a status of 401 () @ https://mtgtracker.store/api/notifications:0
[  990812ms] [ERROR] Failed to load resource: the server responded with a status of 401 () @ https://mtgtracker.store/api/notifications:0
[ 1020819ms] [ERROR] Failed to load resource: the server responded with a status of 401 () @ https://mtgtracker.store/api/notifications:0
[ 1050818ms] [ERROR] Failed to load resource: the server responded with a status of 401 () @ https://mtgtracker.store/api/notifications:0
[ 1080833ms] [ERROR] Failed to load resource: the server responded with a status of 401 () @ https://mtgtracker.store/api/notifications:0
[ 1110813ms] [ERROR] Failed to load resource: the server responded with a status of 401 () @ https://mtgtracker.store/api/notifications:0
[ 1140810ms] [ERROR] Failed to load resource: the server responded with a status of 401 () @ https://mtgtracker.store/api/notifications:0
[ 1170823ms] [ERROR] Failed to load resource: the server responded with a status of 401 () @ https://mtgtracker.store/api/notifications:0
[ 1200824ms] [ERROR] Failed to load resource: the server responded with a status of 401 () @ https://mtgtracker.store/api/notifications:0
[ 1230810ms] [ERROR] Failed to load resource: the server responded with a status of 401 () @ https://mtgtracker.store/api/notifications:0
[ 1260816ms] [ERROR] Failed to load resource: the server responded with a status of 401 () @ https://mtgtracker.store/api/notifications:0
[ 1290817ms] [ERROR] Failed to load resource: the server responded with a status of 401 () @ https://mtgtracker.store/api/notifications:0
[ 1320824ms] [ERROR] Failed to load resource: the server responded with a status of 401 () @ https://mtgtracker.store/api/notifications:0
[ 1350829ms] [ERROR] Failed to load resource: the server responded with a status of 401 () @ https://mtgtracker.store/api/notifications:0
[ 1380810ms] [ERROR] Failed to load resource: the server responded with a status of 401 () @ https://mtgtracker.store/api/notifications:0
[ 1410815ms] [ERROR] Failed to load resource: the server responded with a status of 401 () @ https://mtgtracker.store/api/notifications:0
[ 1440817ms] [ERROR] Failed to load resource: the server responded with a status of 401 () @ https://mtgtracker.store/api/notifications:0
