[     507ms] [INFO] %cDownload the React DevTools for a better development experience: https://reactjs.org/link/react-devtools font-weight:bold @ http://localhost:3000/static/js/bundle.js:96564
[     626ms] [ERROR] Failed to load resource: the server responded with a status of 401 () @ https://mtgtracker.store/api/trades/offers/received:0
[     626ms] [ERROR] Failed to load resource: the server responded with a status of 401 () @ https://mtgtracker.store/api/trades/offers/sent:0
[     626ms] [ERROR] Failed to load resource: the server responded with a status of 401 () @ https://mtgtracker.store/api/trades/my-listings:0
[     627ms] [ERROR] Failed to load resource: the server responded with a status of 401 () @ https://mtgtracker.store/api/trades/matches:0
[     627ms] [ERROR] Failed to load resource: the server responded with a status of 401 () @ https://mtgtracker.store/api/locations:0
[     628ms] [ERROR] Failed to load resource: the server responded with a status of 401 () @ https://mtgtracker.store/api/wishlist:0
[     628ms] [ERROR] Failed to load resource: the server responded with a status of 401 () @ https://mtgtracker.store/api/tags:0
[     629ms] [ERROR] Failed to load resource: the server responded with a status of 401 () @ https://mtgtracker.store/api/cards:0
[     629ms] [ERROR] Failed to load resource: the server responded with a status of 401 () @ https://mtgtracker.store/api/trades/offers/sent:0
[     629ms] [ERROR] Failed to load resource: the server responded with a status of 401 () @ https://mtgtracker.store/api/notifications:0
[     630ms] [ERROR] Failed to load resource: the server responded with a status of 401 () @ https://mtgtracker.store/api/trades/offers/received:0
[     632ms] [ERROR] Failed to load resource: the server responded with a status of 401 () @ https://mtgtracker.store/api/trades/my-listings:0
[     632ms] [ERROR] Failed to load resource: the server responded with a status of 401 () @ https://mtgtracker.store/api/trades/matches:0
[     643ms] [ERROR] Failed to load resource: the server responded with a status of 401 () @ https://mtgtracker.store/api/cards:0
[     644ms] [ERROR] Failed to load resource: the server responded with a status of 401 () @ https://mtgtracker.store/api/wishlist:0
[     644ms] [ERROR] Failed to load resource: the server responded with a status of 401 () @ https://mtgtracker.store/api/notifications:0
[     644ms] [ERROR] Failed to load resource: the server responded with a status of 401 () @ https://mtgtracker.store/api/tags:0
[     644ms] [ERROR] Failed to load resource: the server responded with a status of 401 () @ https://mtgtracker.store/api/locations:0
[     655ms] [ERROR] Failed to load resource: the server responded with a status of 401 () @ https://mtgtracker.store/api/lifecounter/stats:0
[     679ms] [ERROR] Failed to load resource: the server responded with a status of 401 () @ https://mtgtracker.store/api/auth/me:0
[     682ms] [ERROR] Failed to load resource: the server responded with a status of 401 () @ https://mtgtracker.store/api/decks:0
[     712ms] [ERROR] Failed to load resource: the server responded with a status of 401 () @ https://mtgtracker.store/api/decks:0
[     713ms] [ERROR] Failed to load resource: the server responded with a status of 401 () @ https://mtgtracker.store/api/deck-folders:0
[     714ms] [ERROR] Failed to load resource: the server responded with a status of 401 () @ https://mtgtracker.store/api/lifecounter/stats:0
[     723ms] [ERROR] Failed to load resource: the server responded with a status of 401 () @ https://mtgtracker.store/api/deck-folders:0
[   36175ms] [ERROR] Failed to load resource: the server responded with a status of 401 () @ https://mtgtracker.store/api/decks/6a230ba92a73f33ee858aae5/stats:0
[   36175ms] [ERROR] Failed to load resource: the server responded with a status of 401 () @ https://mtgtracker.store/api/decks/6a230ba92a73f33ee858aae5/changelog:0
[   36175ms] [ERROR] Failed to load resource: the server responded with a status of 401 () @ https://mtgtracker.store/api/decks/6a230ba92a73f33ee858aae5/value-history:0
[   36178ms] [ERROR] Failed to load resource: the server responded with a status of 401 () @ https://mtgtracker.store/api/decks/6a230ba92a73f33ee858aae5/stats:0
[   36185ms] [ERROR] Failed to load resource: the server responded with a status of 401 () @ https://mtgtracker.store/api/decks/6a230ba92a73f33ee858aae5/value-history:0
[   36185ms] [ERROR] Failed to load resource: the server responded with a status of 401 () @ https://mtgtracker.store/api/decks/6a230ba92a73f33ee858aae5/changelog:0
[  297646ms] [ERROR] Failed to load resource: the server responded with a status of 401 () @ https://mtgtracker.store/api/decks/6a230ba92a73f33ee858aae5/changelog:0
[  297647ms] [ERROR] Failed to load resource: the server responded with a status of 401 () @ https://mtgtracker.store/api/decks/6a230ba92a73f33ee858aae5/value-history:0
[  297653ms] [ERROR] Failed to load resource: the server responded with a status of 401 () @ https://mtgtracker.store/api/decks/6a230ba92a73f33ee858aae5/stats:0
[  316621ms] [ERROR] Failed to load resource: the server responded with a status of 401 () @ https://mtgtracker.store/api/decks/6a230ba92a73f33ee858aae5/changelog:0
[  316622ms] [ERROR] Failed to load resource: the server responded with a status of 401 () @ https://mtgtracker.store/api/decks/6a230ba92a73f33ee858aae5/stats:0
[  316622ms] [ERROR] Failed to load resource: the server responded with a status of 401 () @ https://mtgtracker.store/api/decks/6a230ba92a73f33ee858aae5/value-history:0
