[     506ms] [INFO] %cDownload the React DevTools for a better development experience: https://reactjs.org/link/react-devtools font-weight:bold @ http://localhost:3000/static/js/bundle.js:96554
[     605ms] [ERROR] Access to fetch at 'https://mtgtracker.store/api/trades?limit=20&offset=0' from origin 'http://localhost:3000' has been blocked by CORS policy: No 'Access-Control-Allow-Origin' header is present on the requested resource. @ http://localhost:3000/:0
[     605ms] [ERROR] Failed to load resource: net::ERR_FAILED @ https://mtgtracker.store/api/trades?limit=20&offset=0:0
[     605ms] [ERROR] Access to fetch at 'https://mtgtracker.store/api/auth/status' from origin 'http://localhost:3000' has been blocked by CORS policy: No 'Access-Control-Allow-Origin' header is present on the requested resource. @ http://localhost:3000/:0
[     605ms] [ERROR] Failed to load resource: net::ERR_FAILED @ https://mtgtracker.store/api/auth/status:0
[     606ms] [WARNING] checkSystemStatus attempt 1 failed: Failed to fetch @ http://localhost:3000/static/js/bundle.js:161121
[     606ms] [ERROR] Access to fetch at 'https://mtgtracker.store/api/trades?limit=20&offset=0' from origin 'http://localhost:3000' has been blocked by CORS policy: No 'Access-Control-Allow-Origin' header is present on the requested resource. @ http://localhost:3000/:0
[     606ms] [ERROR] Failed to load resource: net::ERR_FAILED @ https://mtgtracker.store/api/trades?limit=20&offset=0:0
[     611ms] [ERROR] Access to fetch at 'https://mtgtracker.store/api/auth/status' from origin 'http://localhost:3000' has been blocked by CORS policy: No 'Access-Control-Allow-Origin' header is present on the requested resource. @ http://localhost:3000/dashboard:0
[     611ms] [ERROR] Failed to load resource: net::ERR_FAILED @ https://mtgtracker.store/api/auth/status:0
[     611ms] [WARNING] checkSystemStatus attempt 1 failed: Failed to fetch @ http://localhost:3000/static/js/bundle.js:161121
[     629ms] [ERROR] Access to XMLHttpRequest at 'https://mtgtracker.store/api/wishlist' from origin 'http://localhost:3000' has been blocked by CORS policy: No 'Access-Control-Allow-Origin' header is present on the requested resource. @ http://localhost:3000/dashboard:0
[     629ms] [ERROR] Error fetching wishlist: AxiosError @ http://localhost:3000/static/js/bundle.js:160795
[     629ms] [ERROR] Failed to load resource: net::ERR_FAILED @ https://mtgtracker.store/api/wishlist:0
[     629ms] [ERROR] Access to XMLHttpRequest at 'https://mtgtracker.store/api/locations' from origin 'http://localhost:3000' has been blocked by CORS policy: No 'Access-Control-Allow-Origin' header is present on the requested resource. @ http://localhost:3000/dashboard:0
[     629ms] [ERROR] Error fetching locations: AxiosError @ http://localhost:3000/static/js/bundle.js:160079
[     630ms] [ERROR] Failed to load resource: net::ERR_FAILED @ https://mtgtracker.store/api/locations:0
[     630ms] [ERROR] Access to XMLHttpRequest at 'https://mtgtracker.store/api/tags' from origin 'http://localhost:3000' has been blocked by CORS policy: No 'Access-Control-Allow-Origin' header is present on the requested resource. @ http://localhost:3000/dashboard:0
[     630ms] [ERROR] Error fetching tags: AxiosError @ http://localhost:3000/static/js/bundle.js:160162
[     630ms] [ERROR] Failed to load resource: net::ERR_FAILED @ https://mtgtracker.store/api/tags:0
[     635ms] [ERROR] Access to XMLHttpRequest at 'https://mtgtracker.store/api/tags' from origin 'http://localhost:3000' has been blocked by CORS policy: No 'Access-Control-Allow-Origin' header is present on the requested resource. @ http://localhost:3000/dashboard:0
[     635ms] [ERROR] Error fetching tags: AxiosError @ http://localhost:3000/static/js/bundle.js:160162
[     635ms] [ERROR] Failed to load resource: net::ERR_FAILED @ https://mtgtracker.store/api/tags:0
[     635ms] [ERROR] Access to XMLHttpRequest at 'https://mtgtracker.store/api/locations' from origin 'http://localhost:3000' has been blocked by CORS policy: No 'Access-Control-Allow-Origin' header is present on the requested resource. @ http://localhost:3000/dashboard:0
[     635ms] [ERROR] Error fetching locations: AxiosError @ http://localhost:3000/static/js/bundle.js:160079
[     635ms] [ERROR] Failed to load resource: net::ERR_FAILED @ https://mtgtracker.store/api/locations:0
[     635ms] [ERROR] Access to XMLHttpRequest at 'https://mtgtracker.store/api/wishlist' from origin 'http://localhost:3000' has been blocked by CORS policy: No 'Access-Control-Allow-Origin' header is present on the requested resource. @ http://localhost:3000/dashboard:0
[     635ms] [ERROR] Error fetching wishlist: AxiosError @ http://localhost:3000/static/js/bundle.js:160795
[     636ms] [ERROR] Failed to load resource: net::ERR_FAILED @ https://mtgtracker.store/api/wishlist:0
[     636ms] [ERROR] Access to XMLHttpRequest at 'https://mtgtracker.store/api/cards' from origin 'http://localhost:3000' has been blocked by CORS policy: No 'Access-Control-Allow-Origin' header is present on the requested resource. @ http://localhost:3000/dashboard:0
[     636ms] [ERROR] Error fetching cards: AxiosError @ http://localhost:3000/static/js/bundle.js:159463
[     636ms] [ERROR] Failed to load resource: net::ERR_FAILED @ https://mtgtracker.store/api/cards:0
[     636ms] [ERROR] Access to XMLHttpRequest at 'https://mtgtracker.store/api/cards' from origin 'http://localhost:3000' has been blocked by CORS policy: No 'Access-Control-Allow-Origin' header is present on the requested resource. @ http://localhost:3000/dashboard:0
[     636ms] [ERROR] Error fetching cards: AxiosError @ http://localhost:3000/static/js/bundle.js:159463
[     636ms] [ERROR] Failed to load resource: net::ERR_FAILED @ https://mtgtracker.store/api/cards:0
[     683ms] [ERROR] Access to fetch at 'https://mtgtracker.store/api/stats/price-changes' from origin 'http://localhost:3000' has been blocked by CORS policy: Response to preflight request doesn't pass access control check: No 'Access-Control-Allow-Origin' header is present on the requested resource. @ http://localhost:3000/dashboard:0
[     683ms] [ERROR] Failed to load resource: net::ERR_FAILED @ https://mtgtracker.store/api/stats/price-changes:0
[     696ms] [ERROR] Failed to load resource: the server responded with a status of 502 () @ https://mtgtracker.store/api/images/5a12bfaf-7481-4e6a-98c8-6308d075382b:0
[     696ms] [ERROR] Access to fetch at 'https://mtgtracker.store/api/lifecounter/stats' from origin 'http://localhost:3000' has been blocked by CORS policy: Response to preflight request doesn't pass access control check: No 'Access-Control-Allow-Origin' header is present on the requested resource. @ http://localhost:3000/dashboard:0
[     696ms] [ERROR] Failed to load resource: net::ERR_FAILED @ https://mtgtracker.store/api/lifecounter/stats:0
[     696ms] [ERROR] Access to fetch at 'https://mtgtracker.store/api/stats/value-history' from origin 'http://localhost:3000' has been blocked by CORS policy: Response to preflight request doesn't pass access control check: No 'Access-Control-Allow-Origin' header is present on the requested resource. @ http://localhost:3000/dashboard:0
[     696ms] [ERROR] Failed to load resource: net::ERR_FAILED @ https://mtgtracker.store/api/stats/value-history:0
[     696ms] [ERROR] Access to fetch at 'https://mtgtracker.store/api/stats/value-history' from origin 'http://localhost:3000' has been blocked by CORS policy: Response to preflight request doesn't pass access control check: No 'Access-Control-Allow-Origin' header is present on the requested resource. @ http://localhost:3000/dashboard:0
[     696ms] [ERROR] Failed to load resource: net::ERR_FAILED @ https://mtgtracker.store/api/stats/value-history:0
[     696ms] [ERROR] Access to fetch at 'https://mtgtracker.store/api/stats/price-changes' from origin 'http://localhost:3000' has been blocked by CORS policy: Response to preflight request doesn't pass access control check: No 'Access-Control-Allow-Origin' header is present on the requested resource. @ http://localhost:3000/dashboard:0
[     696ms] [ERROR] Failed to load resource: net::ERR_FAILED @ https://mtgtracker.store/api/stats/price-changes:0
[     696ms] [ERROR] Access to fetch at 'https://mtgtracker.store/api/lifecounter/stats' from origin 'http://localhost:3000' has been blocked by CORS policy: Response to preflight request doesn't pass access control check: No 'Access-Control-Allow-Origin' header is present on the requested resource. @ http://localhost:3000/dashboard:0
[     696ms] [ERROR] Failed to load resource: net::ERR_FAILED @ https://mtgtracker.store/api/lifecounter/stats:0
[     696ms] [ERROR] Failed to load resource: the server responded with a status of 502 () @ https://mtgtracker.store/api/images/2318d4f8-309e-4645-b6d1-46572edd6996:0
[     696ms] [ERROR] Failed to load resource: the server responded with a status of 502 () @ https://mtgtracker.store/api/images/649025a7-79d1-4d7c-b1db-d46bcf5a1ae2:0
[     696ms] [ERROR] Failed to load resource: the server responded with a status of 502 () @ https://mtgtracker.store/api/images/4520cdcc-a10f-4b39-9c6f-ba86f6aa2c87:0
[     697ms] [ERROR] Access to fetch at 'https://mtgtracker.store/api/achievements' from origin 'http://localhost:3000' has been blocked by CORS policy: No 'Access-Control-Allow-Origin' header is present on the requested resource. @ http://localhost:3000/dashboard:0
[     697ms] [ERROR] Failed to load resource: net::ERR_FAILED @ https://mtgtracker.store/api/achievements:0
[     699ms] [ERROR] Access to fetch at 'https://mtgtracker.store/api/achievements' from origin 'http://localhost:3000' has been blocked by CORS policy: No 'Access-Control-Allow-Origin' header is present on the requested resource. @ http://localhost:3000/dashboard:0
[     699ms] [ERROR] Failed to load resource: net::ERR_FAILED @ https://mtgtracker.store/api/achievements:0
[    1119ms] [ERROR] Access to fetch at 'https://mtgtracker.store/api/auth/status' from origin 'http://localhost:3000' has been blocked by CORS policy: No 'Access-Control-Allow-Origin' header is present on the requested resource. @ http://localhost:3000/dashboard:0
[    1119ms] [ERROR] Failed to load resource: net::ERR_FAILED @ https://mtgtracker.store/api/auth/status:0
[    1119ms] [WARNING] checkSystemStatus attempt 2 failed: Failed to fetch @ http://localhost:3000/static/js/bundle.js:161121
[    1123ms] [ERROR] Access to fetch at 'https://mtgtracker.store/api/auth/status' from origin 'http://localhost:3000' has been blocked by CORS policy: No 'Access-Control-Allow-Origin' header is present on the requested resource. @ http://localhost:3000/dashboard:0
[    1123ms] [ERROR] Failed to load resource: net::ERR_FAILED @ https://mtgtracker.store/api/auth/status:0
[    1123ms] [WARNING] checkSystemStatus attempt 2 failed: Failed to fetch @ http://localhost:3000/static/js/bundle.js:161121
[    2135ms] [ERROR] Access to fetch at 'https://mtgtracker.store/api/auth/status' from origin 'http://localhost:3000' has been blocked by CORS policy: No 'Access-Control-Allow-Origin' header is present on the requested resource. @ http://localhost:3000/dashboard:0
[    2135ms] [ERROR] Failed to load resource: net::ERR_FAILED @ https://mtgtracker.store/api/auth/status:0
[    2135ms] [WARNING] checkSystemStatus attempt 3 failed: Failed to fetch @ http://localhost:3000/static/js/bundle.js:161121
[    2135ms] [ERROR] Failed to check system status after retries: TypeError: Failed to fetch
    at checkSystemStatus (http://localhost:3000/static/js/bundle.js:161111:32) @ http://localhost:3000/static/js/bundle.js:161127
[    2139ms] [ERROR] Access to fetch at 'https://mtgtracker.store/api/auth/status' from origin 'http://localhost:3000' has been blocked by CORS policy: No 'Access-Control-Allow-Origin' header is present on the requested resource. @ http://localhost:3000/dashboard:0
[    2139ms] [ERROR] Failed to load resource: net::ERR_FAILED @ https://mtgtracker.store/api/auth/status:0
[    2139ms] [WARNING] checkSystemStatus attempt 3 failed: Failed to fetch @ http://localhost:3000/static/js/bundle.js:161121
[    2139ms] [ERROR] Failed to check system status after retries: TypeError: Failed to fetch
    at checkSystemStatus (http://localhost:3000/static/js/bundle.js:161111:32) @ http://localhost:3000/static/js/bundle.js:161127
[   28420ms] [VERBOSE] [DOM] Input elements should have autocomplete attributes (suggested: "current-password"): (More info: https://goo.gl/9p2vKq) %o @ http://localhost:3000/dashboard:0
